<?xml version="1.0" encoding="utf-8"?><testsuite errors="0" failures="0" name="pytest" skips="0" tests="13" time="2.458"><testcase classname="tests.app.test_asset_fingerprinter.TestAssetFingerprint" file="tests/app/test_asset_fingerprinter.py" line="6" name="test_url_format" time="0.004084110260009766"></testcase><testcase classname="tests.app.test_asset_fingerprinter.TestAssetFingerprint" file="tests/app/test_asset_fingerprinter.py" line="36" name="test_hashes_are_consistent" time="0.005319356918334961"></testcase><testcase classname="tests.app.test_asset_fingerprinter.TestAssetFingerprint" file="tests/app/test_asset_fingerprinter.py" line="25" name="test_building_file_path" time="0.00522303581237793"></testcase><testcase classname="tests.app.test_asset_fingerprinter.TestAssetFingerprint" file="tests/app/test_asset_fingerprinter.py" line="49" name="test_hashes_are_different_for_different_files" time="0.007096052169799805"></testcase><testcase classname="tests.app.test_asset_fingerprinter.TestAssetFingerprint" file="tests/app/test_asset_fingerprinter.py" line="68" name="test_hash_gets_cached" time="0.002579212188720703"></testcase><testcase classname="tests.app.test_asset_fingerprinter.TestAssetFingerprintWithUnicode" file="tests/app/test_asset_fingerprinter.py" line="93" name="test_can_read_self" time="0.0020089149475097656"></testcase><testcase classname="tests.app.test_utils" file="tests/app/test_utils.py" line="3" name="test_get_cdn_domain_on_localhost" time="0.04200482368469238"><system-out>2018-05-24T16:00:12 none app INFO no-request-id &quot;Logging configured&quot; [in /Users/chriswaszczuk/.virtualenvs/govuk-document-download/lib/python3.6/site-packages/notifications_utils/logging.py:95]
</system-out></testcase><testcase classname="tests.app.test_errorhandlers" file="tests/app/test_errorhandlers.py" line="5" name="test_bad_url_returns_page_not_found" time="0.13968110084533691"><system-out>2018-05-24T16:00:12 none app INFO no-request-id &quot;Logging configured&quot; [in /Users/chriswaszczuk/.virtualenvs/govuk-document-download/lib/python3.6/site-packages/notifications_utils/logging.py:95]
</system-out></testcase><testcase classname="tests.app.test_errorhandlers" file="tests/app/test_errorhandlers.py" line="12" name="test_csrf_returns_400" time="0.14909911155700684"><system-out>2018-05-24T16:00:12 none app INFO no-request-id &quot;Logging configured&quot; [in /Users/chriswaszczuk/.virtualenvs/govuk-document-download/lib/python3.6/site-packages/notifications_utils/logging.py:95]
2018-05-24T16:00:12 none app WARNING fc525f5b-ad8a-43b2-ad12-55c3d7cb4a52 &quot;csrf.error_message: 400 Bad Request: 400 Bad Request: The CSRF tokens do not match.&quot; [in /Users/chriswaszczuk/Desktop/document-download-frontend/app/__init__.py:94]
</system-out></testcase><testcase classname="tests.app.main.views.test_index" file="tests/app/main/views/test_index.py" line="16" name="test_download_document_create_creates_link_for_document" time="0.06456160545349121"><system-out>2018-05-24T16:00:12 none app INFO no-request-id &quot;Logging configured&quot; [in /Users/chriswaszczuk/.virtualenvs/govuk-document-download/lib/python3.6/site-packages/notifications_utils/logging.py:95]
</system-out></testcase><testcase classname="tests.app.main.views.test_index" file="tests/app/main/views/test_index.py" line="37" name="test_static_pages[post_my_document]" time="0.08416986465454102"><system-out>2018-05-24T16:00:12 none app INFO no-request-id &quot;Logging configured&quot; [in /Users/chriswaszczuk/.virtualenvs/govuk-document-download/lib/python3.6/site-packages/notifications_utils/logging.py:95]
</system-out></testcase><testcase classname="tests.app.test_utils" file="tests/app/test_utils.py" line="9" name="test_get_cdn_domain_on_non_localhost" time="0.0077135562896728516"><system-out>2018-05-24T16:00:12 none app INFO no-request-id &quot;Logging configured&quot; [in /Users/chriswaszczuk/.virtualenvs/govuk-document-download/lib/python3.6/site-packages/notifications_utils/logging.py:95]
</system-out></testcase><testcase classname="tests.app.main.views.test_index" file="tests/app/main/views/test_index.py" line="5" name="test_download_document_404s_if_no_key_in_query_string" time="0.11208224296569824"><system-out>2018-05-24T16:00:12 none app INFO no-request-id &quot;Logging configured&quot; [in /Users/chriswaszczuk/.virtualenvs/govuk-document-download/lib/python3.6/site-packages/notifications_utils/logging.py:95]
</system-out></testcase></testsuite>